[14:01:00] [main/INFO] (FabricLoader/GameProvider) Loading Minecraft 1.21.5 with Fabric Loader 0.16.14
[14:01:00] [main/INFO] (FabricLoader) Loading 55 mods:
	- colored_water 1.1.0
	- fabric-api 0.125.0+1.21.5
	- fabric-api-base 0.4.62+73a52b4b49
	- fabric-api-lookup-api-v1 1.6.96+86c3a9f149
	- fabric-biome-api-v1 16.0.7+2dd063df49
	- fabric-block-api-v1 1.1.0+ed91556f49
	- fabric-block-view-api-v2 1.0.26+aa6d566c49
	- fabric-blockrenderlayer-v1 2.0.16+86c3a9f149
	- fabric-client-gametest-api-v1 4.2.0+dac2d6e349
	- fabric-client-tags-api-v1 1.1.37+86c3a9f149
	- fabric-command-api-v1 1.2.70+f71b366f49
	- fabric-command-api-v2 2.2.49+73a52b4b49
	- fabric-commands-v0 0.2.87+df3654b349
	- fabric-content-registries-v0 10.0.14+3e6c1f7d49
	- fabric-convention-tags-v1 2.1.31+7f945d5b49
	- fabric-convention-tags-v2 2.15.0+cf7cc5b549
	- fabric-crash-report-info-v1 0.3.12+86c3a9f149
	- fabric-data-attachment-api-v1 1.8.3+bc514c4549
	- fabric-data-generation-api-v1 22.4.1+ea72995749
	- fabric-dimensions-v1 4.0.17+3e6c1f7d49
	- fabric-entity-events-v1 2.1.0+3ce7866349
	- fabric-events-interaction-v0 4.0.14+73a52b4b49
	- fabric-game-rule-api-v1 1.0.70+c327076a49
	- fabric-gametest-api-v1 3.1.3+2a6ec84b49
	- fabric-item-api-v1 11.4.1+e46fd76a49
	- fabric-item-group-api-v1 4.2.9+3459fc6149
	- fabric-key-binding-api-v1 1.0.63+ecf51cdc49
	- fabric-keybindings-v0 0.2.61+df3654b349
	- fabric-lifecycle-events-v1 2.6.0+230071a049
	- fabric-loot-api-v2 3.0.48+3f89f5a549
	- fabric-loot-api-v3 1.0.36+86c3a9f149
	- fabric-message-api-v1 6.1.0+fe971bba49
	- fabric-model-loading-api-v1 5.2.0+c982b95149
	- fabric-networking-api-v1 4.5.0+775be32c49
	- fabric-object-builder-api-v1 21.1.1+b8d6ba7049
	- fabric-particles-v1 4.1.2+112e550e49
	- fabric-recipe-api-v1 8.1.8+3235ab3249
	- fabric-registry-sync-v0 6.1.21+b556383249
	- fabric-renderer-api-v1 6.0.2+c982b95149
	- fabric-renderer-indigo 3.0.3+3e6c1f7d49
	- fabric-rendering-data-attachment-v1 0.3.64+73761d2e49
	- fabric-rendering-fluids-v1 3.1.27+86c3a9f149
	- fabric-rendering-v1 11.1.11+5490746649
	- fabric-resource-conditions-api-v1 5.0.21+73a52b4b49
	- fabric-resource-loader-v0 3.1.7+847e5f5c49
	- fabric-screen-api-v1 2.0.46+86c3a9f149
	- fabric-screen-handler-api-v1 1.3.128+c327076a49
	- fabric-sound-api-v1 1.0.38+86c3a9f149
	- fabric-tag-api-v1 1.0.17+ecf51cdc49
	- fabric-transfer-api-v1 5.4.24+7b20cbb049
	- fabric-transitive-access-wideners-v1 6.3.17+f17a180c49
	- fabricloader 0.16.14
	- java 21
	- minecraft 1.21.5
	- mixinextras 0.4.1
[14:01:01] [main/INFO] (FabricLoader/Mixin) SpongePowered MIXIN Subsystem Version=0.8.7 Source=file:/C:/Users/ayrec/.gradle/caches/modules-2/files-2.1/net.fabricmc/sponge-mixin/0.15.5+mixin.0.8.7/22f9eb729e216a091673a574a5906dc1b9027fb3/sponge-mixin-0.15.5+mixin.0.8.7.jar Service=Knot/Fabric Env=CLIENT
[14:01:01] [main/INFO] (FabricLoader/Mixin) Loaded Fabric development mappings for mixin remapper!
[14:01:01] [main/INFO] (FabricLoader/Mixin) Compatibility level set to JAVA_21
[14:01:03] [main/INFO] (FabricLoader/MixinExtras|Service) Initializing MixinExtras via com.llamalad7.mixinextras.service.MixinExtrasServiceImpl(version=0.4.1).
[14:01:06] [Datafixer Bootstrap/INFO] (Minecraft) 263 Datafixer optimizations took 1989 milliseconds
[14:01:13] [Render thread/INFO] (Minecraft) Environment: Environment[sessionHost=https://sessionserver.mojang.com, servicesHost=https://api.minecraftservices.com, name=PROD]
[14:01:13] [Render thread/INFO] (Minecraft) Setting user: Player282
[14:01:14] [Render thread/INFO] (Indigo) [Indigo] Registering Indigo renderer!
[14:01:15] [Render thread/INFO] (Minecraft) Backend library: LWJGL version 3.3.3-snapshot
[14:01:15] [Render thread/INFO] (Minecraft) Using optional rendering extensions: GL_KHR_debug, GL_ARB_vertex_attrib_binding, GL_ARB_direct_state_access
[14:01:16] [Render thread/INFO] (Minecraft) Reloading ResourceManager: vanilla, fabric, colored_water, fabric-api, fabric-api-base, fabric-api-lookup-api-v1, fabric-biome-api-v1, fabric-block-api-v1, fabric-block-view-api-v2, fabric-blockrenderlayer-v1, fabric-client-gametest-api-v1, fabric-client-tags-api-v1, fabric-command-api-v1, fabric-command-api-v2, fabric-commands-v0, fabric-content-registries-v0, fabric-convention-tags-v1, fabric-convention-tags-v2, fabric-crash-report-info-v1, fabric-data-attachment-api-v1, fabric-data-generation-api-v1, fabric-dimensions-v1, fabric-entity-events-v1, fabric-events-interaction-v0, fabric-game-rule-api-v1, fabric-gametest-api-v1, fabric-item-api-v1, fabric-item-group-api-v1, fabric-key-binding-api-v1, fabric-keybindings-v0, fabric-lifecycle-events-v1, fabric-loot-api-v2, fabric-loot-api-v3, fabric-message-api-v1, fabric-model-loading-api-v1, fabric-networking-api-v1, fabric-object-builder-api-v1, fabric-particles-v1, fabric-recipe-api-v1, fabric-registry-sync-v0, fabric-renderer-api-v1, fabric-renderer-indigo, fabric-rendering-data-attachment-v1, fabric-rendering-fluids-v1, fabric-rendering-v1, fabric-resource-conditions-api-v1, fabric-resource-loader-v0, fabric-screen-api-v1, fabric-screen-handler-api-v1, fabric-sound-api-v1, fabric-tag-api-v1, fabric-transfer-api-v1, fabric-transitive-access-wideners-v1, fabricloader
[14:01:16] [Download-1/INFO] (Minecraft) Could not authorize you against Realms server: Invalid session id
[14:01:16] [Download-1/ERROR] (Minecraft) Failed to fetch Realms feature flags
com.mojang.realmsclient.exception.RealmsServiceException: Realms authentication error with message 'Invalid session id'
	at knot/com.mojang.realmsclient.client.RealmsClient.execute(RealmsClient.java:495) ~[minecraft-merged-5945b48bcb-1.21.5-loom.mappings.1_21_5.layered+hash.356898441-v2.jar:?]
	at knot/com.mojang.realmsclient.client.RealmsClient.fetchFeatureFlags(RealmsClient.java:177) ~[minecraft-merged-5945b48bcb-1.21.5-loom.mappings.1_21_5.layered+hash.356898441-v2.jar:?]
	at java.base/java.util.concurrent.CompletableFuture$AsyncSupply.run$$$capture(CompletableFuture.java:1768) ~[?:?]
	at java.base/java.util.concurrent.CompletableFuture$AsyncSupply.run(CompletableFuture.java) ~[?:?]
	at java.base/java.util.concurrent.ThreadPoolExecutor.runWorker(ThreadPoolExecutor.java:1144) ~[?:?]
	at java.base/java.util.concurrent.ThreadPoolExecutor$Worker.run(ThreadPoolExecutor.java:642) ~[?:?]
	at java.base/java.lang.Thread.run(Thread.java:1583) [?:?]
[14:01:16] [Worker-Main-12/INFO] (Minecraft) Found unifont_all_no_pua-16.0.01.hex, loading
[14:01:16] [Worker-Main-5/INFO] (Minecraft) Found unifont_jp_patch-16.0.01.hex, loading
[14:01:17] [Worker-Main-7/WARN] (Minecraft) Missing textures in model colored_water:block/condense_lime_water_block:
    minecraft:textures/atlas/blocks.png:colored_water:block/condense_lime_water_block
[14:01:17] [Worker-Main-7/WARN] (Minecraft) Missing textures in model colored_water:block/condense_light_blue_water_block:
    minecraft:textures/atlas/blocks.png:colored_water:block/condense_light_blue_water_block
[14:01:17] [Worker-Main-7/WARN] (Minecraft) Missing textures in model colored_water:block/cyan_water_block:
    minecraft:textures/atlas/blocks.png:colored_water:block/cyan_water_block
[14:01:17] [Worker-Main-7/WARN] (Minecraft) Missing textures in model colored_water:block/white_water_block:
    minecraft:textures/atlas/blocks.png:colored_water:block/white_water_block
[14:01:17] [Worker-Main-7/WARN] (Minecraft) Missing textures in model colored_water:block/condense_black_water_block:
    minecraft:textures/atlas/blocks.png:colored_water:block/condense_black_water_block
[14:01:17] [Worker-Main-7/WARN] (Minecraft) Missing textures in model colored_water:block/condense_yellow_water_block:
    minecraft:textures/atlas/blocks.png:colored_water:block/condense_yellow_water_block
[14:01:17] [Worker-Main-7/WARN] (Minecraft) Missing textures in model colored_water:block/light_gray_water_block:
    minecraft:textures/atlas/blocks.png:colored_water:block/light_gray_water_block
[14:01:17] [Worker-Main-7/WARN] (Minecraft) Missing textures in model colored_water:block/condense_cyan_water_block:
    minecraft:textures/atlas/blocks.png:colored_water:block/condense_cyan_water_block
[14:01:17] [Worker-Main-7/WARN] (Minecraft) Missing textures in model colored_water:block/luminous_condense_orange_water_block:
    minecraft:textures/atlas/blocks.png:colored_water:block/luminous_condense_orange_water_block
[14:01:17] [Worker-Main-7/WARN] (Minecraft) Missing textures in model colored_water:block/luminous_light_gray_water_block:
    minecraft:textures/atlas/blocks.png:colored_water:block/luminous_light_gray_water_block
[14:01:17] [Worker-Main-7/WARN] (Minecraft) Missing textures in model colored_water:block/condense_white_water_block:
    minecraft:textures/atlas/blocks.png:colored_water:block/condense_white_water_block
[14:01:17] [Worker-Main-7/WARN] (Minecraft) Missing textures in model colored_water:block/luminous_condense_white_water_block:
    minecraft:textures/atlas/blocks.png:colored_water:block/luminous_condense_white_water_block
[14:01:17] [Worker-Main-7/WARN] (Minecraft) Missing textures in model colored_water:block/luminous_condense_gray_water_block:
    minecraft:textures/atlas/blocks.png:colored_water:block/luminous_condense_gray_water_block
[14:01:17] [Worker-Main-7/WARN] (Minecraft) Missing textures in model colored_water:block/luminous_condense_light_blue_water_block:
    minecraft:textures/atlas/blocks.png:colored_water:block/luminous_condense_light_blue_water_block
[14:01:17] [Worker-Main-7/WARN] (Minecraft) Missing textures in model colored_water:block/condense_orange_water_block:
    minecraft:textures/atlas/blocks.png:colored_water:block/condense_orange_water_block
[14:01:17] [Worker-Main-7/WARN] (Minecraft) Missing textures in model colored_water:block/luminous_condense_blue_water_block:
    minecraft:textures/atlas/blocks.png:colored_water:block/luminous_condense_blue_water_block
[14:01:17] [Worker-Main-7/WARN] (Minecraft) Missing textures in model colored_water:block/luminous_condense_red_water_block:
    minecraft:textures/atlas/blocks.png:colored_water:block/luminous_condense_red_water_block
[14:01:17] [Worker-Main-7/WARN] (Minecraft) Missing textures in model colored_water:block/condense_gray_water_block:
    minecraft:textures/atlas/blocks.png:colored_water:block/condense_gray_water_block
[14:01:17] [Worker-Main-7/WARN] (Minecraft) Missing textures in model colored_water:block/luminous_green_water_block:
    minecraft:textures/atlas/blocks.png:colored_water:block/luminous_green_water_block
[14:01:17] [Worker-Main-7/WARN] (Minecraft) Missing textures in model colored_water:block/luminous_orange_water_block:
    minecraft:textures/atlas/blocks.png:colored_water:block/luminous_orange_water_block
[14:01:17] [Worker-Main-7/WARN] (Minecraft) Missing textures in model colored_water:block/luminous_condense_yellow_water_block:
    minecraft:textures/atlas/blocks.png:colored_water:block/luminous_condense_yellow_water_block
[14:01:17] [Worker-Main-7/WARN] (Minecraft) Missing textures in model colored_water:block/condense_pink_water_block:
    minecraft:textures/atlas/blocks.png:colored_water:block/condense_pink_water_block
[14:01:17] [Worker-Main-7/WARN] (Minecraft) Missing textures in model colored_water:block/condense_brown_water_block:
    minecraft:textures/atlas/blocks.png:colored_water:block/condense_brown_water_block
[14:01:17] [Worker-Main-7/WARN] (Minecraft) Missing textures in model colored_water:block/luminous_condense_magenta_water_block:
    minecraft:textures/atlas/blocks.png:colored_water:block/luminous_condense_magenta_water_block
[14:01:17] [Worker-Main-7/WARN] (Minecraft) Missing textures in model colored_water:block/condense_green_water_block:
    minecraft:textures/atlas/blocks.png:colored_water:block/condense_green_water_block
[14:01:17] [Worker-Main-7/WARN] (Minecraft) Missing textures in model colored_water:block/luminous_condense_pink_water_block:
    minecraft:textures/atlas/blocks.png:colored_water:block/luminous_condense_pink_water_block
[14:01:17] [Worker-Main-7/WARN] (Minecraft) Missing textures in model colored_water:block/luminous_light_blue_water_block:
    minecraft:textures/atlas/blocks.png:colored_water:block/luminous_light_blue_water_block
[14:01:17] [Worker-Main-7/WARN] (Minecraft) Missing textures in model colored_water:block/luminous_yellow_water_block:
    minecraft:textures/atlas/blocks.png:colored_water:block/luminous_yellow_water_block
[14:01:17] [Worker-Main-7/WARN] (Minecraft) Missing textures in model colored_water:block/lime_water_block:
    minecraft:textures/atlas/blocks.png:colored_water:block/lime_water_block
[14:01:17] [Worker-Main-7/WARN] (Minecraft) Missing textures in model colored_water:block/luminous_cyan_water_block:
    minecraft:textures/atlas/blocks.png:colored_water:block/luminous_cyan_water_block
[14:01:17] [Worker-Main-7/WARN] (Minecraft) Missing textures in model colored_water:block/magenta_water_block:
    minecraft:textures/atlas/blocks.png:colored_water:block/magenta_water_block
[14:01:17] [Worker-Main-7/WARN] (Minecraft) Missing textures in model colored_water:block/condense_red_water_block:
    minecraft:textures/atlas/blocks.png:colored_water:block/condense_red_water_block
[14:01:17] [Worker-Main-7/WARN] (Minecraft) Missing textures in model colored_water:block/luminous_lime_water_block:
    minecraft:textures/atlas/blocks.png:colored_water:block/luminous_lime_water_block
[14:01:17] [Worker-Main-7/WARN] (Minecraft) Missing textures in model colored_water:block/luminous_white_water_block:
    minecraft:textures/atlas/blocks.png:colored_water:block/luminous_white_water_block
[14:01:17] [Worker-Main-7/WARN] (Minecraft) Missing textures in model colored_water:block/luminous_black_water_block:
    minecraft:textures/atlas/blocks.png:colored_water:block/luminous_black_water_block
[14:01:17] [Worker-Main-7/WARN] (Minecraft) Missing textures in model colored_water:block/condense_blue_water_block:
    minecraft:textures/atlas/blocks.png:colored_water:block/condense_blue_water_block
[14:01:17] [Worker-Main-7/WARN] (Minecraft) Missing textures in model colored_water:block/blue_water_block:
    minecraft:textures/atlas/blocks.png:colored_water:block/blue_water_block
[14:01:17] [Worker-Main-7/WARN] (Minecraft) Missing textures in model colored_water:block/yellow_water_block:
    minecraft:textures/atlas/blocks.png:colored_water:block/yellow_water_block
[14:01:17] [Worker-Main-7/WARN] (Minecraft) Missing textures in model colored_water:block/luminous_brown_water_block:
    minecraft:textures/atlas/blocks.png:colored_water:block/luminous_brown_water_block
[14:01:17] [Worker-Main-7/WARN] (Minecraft) Missing textures in model colored_water:block/condense_magenta_water_block:
    minecraft:textures/atlas/blocks.png:colored_water:block/condense_magenta_water_block
[14:01:17] [Worker-Main-7/WARN] (Minecraft) Missing textures in model colored_water:block/luminous_red_water_block:
    minecraft:textures/atlas/blocks.png:colored_water:block/luminous_red_water_block
[14:01:17] [Worker-Main-7/WARN] (Minecraft) Missing textures in model colored_water:block/orange_water_block:
    minecraft:textures/atlas/blocks.png:colored_water:block/orange_water_block
[14:01:17] [Worker-Main-7/WARN] (Minecraft) Missing textures in model colored_water:block/luminous_condense_lime_water_block:
    minecraft:textures/atlas/blocks.png:colored_water:block/luminous_condense_lime_water_block
[14:01:17] [Worker-Main-7/WARN] (Minecraft) Missing textures in model colored_water:block/luminous_magenta_water_block:
    minecraft:textures/atlas/blocks.png:colored_water:block/luminous_magenta_water_block
[14:01:17] [Worker-Main-7/WARN] (Minecraft) Missing textures in model colored_water:block/condense_light_gray_water_block:
    minecraft:textures/atlas/blocks.png:colored_water:block/condense_light_gray_water_block
[14:01:17] [Worker-Main-7/WARN] (Minecraft) Missing textures in model colored_water:block/luminous_condense_brown_water_block:
    minecraft:textures/atlas/blocks.png:colored_water:block/luminous_condense_brown_water_block
[14:01:17] [Worker-Main-7/WARN] (Minecraft) Missing textures in model colored_water:block/pink_water_block:
    minecraft:textures/atlas/blocks.png:colored_water:block/pink_water_block
[14:01:17] [Worker-Main-7/WARN] (Minecraft) Missing textures in model colored_water:block/green_water_block:
    minecraft:textures/atlas/blocks.png:colored_water:block/green_water_block
[14:01:17] [Worker-Main-7/WARN] (Minecraft) Missing textures in model colored_water:block/luminous_gray_water_block:
    minecraft:textures/atlas/blocks.png:colored_water:block/luminous_gray_water_block
[14:01:17] [Worker-Main-7/WARN] (Minecraft) Missing textures in model colored_water:block/luminous_condense_light_gray_water_block:
    minecraft:textures/atlas/blocks.png:colored_water:block/luminous_condense_light_gray_water_block
[14:01:17] [Worker-Main-7/WARN] (Minecraft) Missing textures in model colored_water:block/luminous_condense_black_water_block:
    minecraft:textures/atlas/blocks.png:colored_water:block/luminous_condense_black_water_block
[14:01:17] [Worker-Main-7/WARN] (Minecraft) Missing textures in model colored_water:block/luminous_purple_water_block:
    minecraft:textures/atlas/blocks.png:colored_water:block/luminous_purple_water_block
[14:01:17] [Worker-Main-7/WARN] (Minecraft) Missing textures in model colored_water:block/condense_purple_water_block:
    minecraft:textures/atlas/blocks.png:colored_water:block/condense_purple_water_block
[14:01:17] [Worker-Main-7/WARN] (Minecraft) Missing textures in model colored_water:block/luminous_condense_cyan_water_block:
    minecraft:textures/atlas/blocks.png:colored_water:block/luminous_condense_cyan_water_block
[14:01:18] [Worker-Main-7/WARN] (Minecraft) Missing textures in model colored_water:block/purple_water_block:
    minecraft:textures/atlas/blocks.png:colored_water:block/purple_water_block
[14:01:18] [Worker-Main-7/WARN] (Minecraft) Missing textures in model colored_water:block/luminous_blue_water_block:
    minecraft:textures/atlas/blocks.png:colored_water:block/luminous_blue_water_block
[14:01:18] [Worker-Main-7/WARN] (Minecraft) Missing textures in model colored_water:block/red_water_block:
    minecraft:textures/atlas/blocks.png:colored_water:block/red_water_block
[14:01:18] [Worker-Main-7/WARN] (Minecraft) Missing textures in model colored_water:block/black_water_block:
    minecraft:textures/atlas/blocks.png:colored_water:block/black_water_block
[14:01:18] [Worker-Main-7/WARN] (Minecraft) Missing textures in model colored_water:block/luminous_condense_green_water_block:
    minecraft:textures/atlas/blocks.png:colored_water:block/luminous_condense_green_water_block
[14:01:18] [Worker-Main-7/WARN] (Minecraft) Missing textures in model colored_water:block/brown_water_block:
    minecraft:textures/atlas/blocks.png:colored_water:block/brown_water_block
[14:01:18] [Worker-Main-7/WARN] (Minecraft) Missing textures in model colored_water:block/light_blue_water_block:
    minecraft:textures/atlas/blocks.png:colored_water:block/light_blue_water_block
[14:01:18] [Worker-Main-7/WARN] (Minecraft) Missing textures in model colored_water:block/luminous_pink_water_block:
    minecraft:textures/atlas/blocks.png:colored_water:block/luminous_pink_water_block
[14:01:18] [Worker-Main-7/WARN] (Minecraft) Missing textures in model colored_water:block/gray_water_block:
    minecraft:textures/atlas/blocks.png:colored_water:block/gray_water_block
[14:01:18] [Worker-Main-7/WARN] (Minecraft) Missing textures in model colored_water:block/luminous_condense_purple_water_block:
    minecraft:textures/atlas/blocks.png:colored_water:block/luminous_condense_purple_water_block
[14:01:18] [Render thread/WARN] (Minecraft) minecraft:pipeline/entity_translucent_emissive shader program does not use sampler Sampler2 defined in the pipeline. This might be a bug.
[14:01:18] [Render thread/INFO] (Minecraft) OpenAL initialized on device OpenAL Soft on Altavoces (Razer Barracuda X 2.4)
[14:01:18] [Render thread/INFO] (Minecraft) Sound engine started
[14:01:18] [Render thread/INFO] (Minecraft) Created: 1024x512x4 minecraft:textures/atlas/blocks.png-atlas
[14:01:18] [Render thread/INFO] (Minecraft) Created: 256x256x4 minecraft:textures/atlas/signs.png-atlas
[14:01:18] [Render thread/INFO] (Minecraft) Created: 512x512x4 minecraft:textures/atlas/banner_patterns.png-atlas
[14:01:18] [Render thread/INFO] (Minecraft) Created: 512x512x4 minecraft:textures/atlas/shield_patterns.png-atlas
[14:01:18] [Render thread/INFO] (Minecraft) Created: 2048x1024x4 minecraft:textures/atlas/armor_trims.png-atlas
[14:01:18] [Render thread/INFO] (Minecraft) Created: 256x256x4 minecraft:textures/atlas/chest.png-atlas
[14:01:18] [Render thread/INFO] (Minecraft) Created: 128x64x4 minecraft:textures/atlas/decorated_pot.png-atlas
[14:01:18] [Render thread/INFO] (Minecraft) Created: 512x256x4 minecraft:textures/atlas/beds.png-atlas
[14:01:18] [Render thread/INFO] (Minecraft) Created: 512x256x4 minecraft:textures/atlas/shulker_boxes.png-atlas
[14:01:18] [Render thread/INFO] (Minecraft) Created: 64x64x0 minecraft:textures/atlas/map_decorations.png-atlas
[14:01:18] [Render thread/INFO] (Minecraft) Created: 512x256x0 minecraft:textures/atlas/particles.png-atlas
[14:01:18] [Render thread/INFO] (Minecraft) Created: 512x256x0 minecraft:textures/atlas/paintings.png-atlas
[14:01:18] [Render thread/INFO] (Minecraft) Created: 256x128x0 minecraft:textures/atlas/mob_effects.png-atlas
[14:01:18] [Render thread/INFO] (Minecraft) Created: 1024x512x0 minecraft:textures/atlas/gui.png-atlas
[14:03:46] [Render thread/INFO] (Minecraft) Loaded 1463 recipes
[14:03:46] [Render thread/INFO] (Minecraft) Loaded 1574 advancements
[14:03:46] [Render thread/INFO] (BiomeModificationImpl) Applied 0 biome modifications to 0 of 65 new biomes in 1.213 ms
[14:03:46] [Server thread/INFO] (Minecraft) Starting integrated minecraft server version 1.21.5
[14:03:46] [Server thread/INFO] (Minecraft) Generating keypair
[14:03:46] [Server thread/INFO] (Minecraft) Preparing start region for dimension minecraft:overworld
[14:03:46] [Render thread/INFO] (Minecraft) Preparing spawn area: 0%
[14:03:47] [Render thread/INFO] (Minecraft) Time elapsed: 389 ms
[14:03:47] [Server thread/INFO] (Minecraft) Changing view distance to 12, from 10
[14:03:47] [Server thread/INFO] (Minecraft) Changing simulation distance to 12, from 0
[14:03:48] [Server thread/INFO] (Minecraft) Player282[local:E:38247b7a] logged in with entity id 27 at (2.3780927795018982, -60.0, 2.269554429226704)
[14:03:48] [Server thread/INFO] (Minecraft) Player282 joined the game
[14:03:48] [Render thread/INFO] (Minecraft) Loaded 2 advancements
[14:03:49] [Server thread/INFO] (Minecraft) Saving and pausing game...
[14:03:49] [Server thread/INFO] (Minecraft) Saving chunks for level 'ServerLevel[New World]'/minecraft:overworld
[14:03:49] [Server thread/INFO] (Minecraft) Saving chunks for level 'ServerLevel[New World]'/minecraft:the_end
[14:03:49] [Server thread/INFO] (Minecraft) Saving chunks for level 'ServerLevel[New World]'/minecraft:the_nether
[14:07:57] [Server thread/INFO] (Minecraft) Saving and pausing game...
[14:07:57] [Server thread/INFO] (Minecraft) Saving chunks for level 'ServerLevel[New World]'/minecraft:overworld
[14:07:57] [Server thread/INFO] (Minecraft) Saving chunks for level 'ServerLevel[New World]'/minecraft:the_end
[14:07:57] [Server thread/INFO] (Minecraft) Saving chunks for level 'ServerLevel[New World]'/minecraft:the_nether
[14:08:03] [Server thread/INFO] (Minecraft) [Player282: Set own game mode to Survival Mode]
[14:08:03] [Render thread/INFO] (Minecraft) [System] [CHAT] Set own game mode to Survival Mode
[14:08:05] [Server thread/INFO] (Minecraft) [Player282: Set own game mode to Creative Mode]
[14:08:05] [Render thread/INFO] (Minecraft) [System] [CHAT] Set own game mode to Creative Mode
[14:08:06] [Server thread/INFO] (Minecraft) Saving and pausing game...
[14:08:06] [Server thread/INFO] (Minecraft) Saving chunks for level 'ServerLevel[New World]'/minecraft:overworld
[14:08:06] [Server thread/INFO] (Minecraft) Saving chunks for level 'ServerLevel[New World]'/minecraft:the_end
[14:08:06] [Server thread/INFO] (Minecraft) Saving chunks for level 'ServerLevel[New World]'/minecraft:the_nether
[14:08:07] [Render thread/INFO] (Minecraft) Stopping!
[14:08:07] [Server thread/INFO] (Minecraft) Player282 lost connection: Disconnected
[14:08:07] [Server thread/INFO] (Minecraft) Player282 left the game
[14:08:07] [Server thread/INFO] (Minecraft) Stopping singleplayer server as player logged out
[14:08:07] [Server thread/INFO] (Minecraft) Stopping server
[14:08:07] [Server thread/INFO] (Minecraft) Saving players
[14:08:07] [Server thread/INFO] (Minecraft) Saving worlds
[14:08:07] [Server thread/INFO] (Minecraft) Saving chunks for level 'ServerLevel[New World]'/minecraft:overworld
[14:08:07] [Server thread/INFO] (Minecraft) Saving chunks for level 'ServerLevel[New World]'/minecraft:the_end
[14:08:07] [Server thread/INFO] (Minecraft) Saving chunks for level 'ServerLevel[New World]'/minecraft:the_nether
[14:08:07] [Server thread/INFO] (Minecraft) ThreadedAnvilChunkStorage (New World): All chunks are saved
[14:08:07] [Server thread/INFO] (Minecraft) ThreadedAnvilChunkStorage (DIM1): All chunks are saved
[14:08:07] [Server thread/INFO] (Minecraft) ThreadedAnvilChunkStorage (DIM-1): All chunks are saved
[14:08:07] [Server thread/INFO] (Minecraft) ThreadedAnvilChunkStorage: All dimensions are saved
